App.tsx(609,49): error TS2749: 'BKAdministration' refers to a value, but is being used as a type here. Did you mean 'typeof BKAdministration'?
App.tsx(1084,81): error TS2741: Property 'schoolProfile' is missing in type '{ assignments: Assignment[]; setAssignments: Dispatch<SetStateAction<Assignment[]>>; materials: GuidanceMaterial[]; ... 9 more ...; teachers: Teacher[]; }' but required in type 'AssignmentManagementProps'.
functions/api/sync.ts(5,7): error TS2304: Cannot find name 'D1Database'.
functions/api/sync.ts(8,25): error TS2304: Cannot find name 'PagesFunction'.
pages/DCMManagement.tsx(67,17): error TS2304: Cannot find name 'targetGrade'.
pages/DCMManagement.tsx(78,46): error TS2304: Cannot find name 'targetGrade'.
pages/GradeForum.tsx(27,36): error TS2339: Property 'isPrivate' does not exist on type 'ForumPost'.
pages/GradeForum.tsx(32,37): error TS2339: Property 'isPrivate' does not exist on type 'ForumPost'.
pages/GradeForum.tsx(35,37): error TS2339: Property 'isPrivate' does not exist on type 'ForumPost'.
pages/GradeForum.tsx(78,7): error TS2353: Object literal may only specify known properties, and 'isPrivate' does not exist in type 'ForumPost'.
pages/GradeForum.tsx(206,49): error TS2339: Property 'isPrivate' does not exist on type 'ForumPost'.
pages/GradeForum.tsx(210,70): error TS2339: Property 'isPrivate' does not exist on type 'ForumPost'.
pages/GradeForum.tsx(214,72): error TS2339: Property 'isPrivate' does not exist on type 'ForumPost'.
pages/GradeForum.tsx(215,27): error TS2339: Property 'isPrivate' does not exist on type 'ForumPost'.
pages/GradeForum.tsx(242,20): error TS2339: Property 'isPrivate' does not exist on type 'ForumPost'.
pages/GradeForum.tsx(261,80): error TS2339: Property 'isPrivate' does not exist on type 'ForumPost'.
pages/TeachersList.tsx(103,9): error TS2367: This comparison appears to be unintentional because the types '"Konselor" | "Wali Kelas" | "Guru Mapel"' and '"Humas"' have no overlap.
pages/TeachersList.tsx(238,11): error TS2322: Type '"Konselor" | "Wali Kelas" | "Guru Mapel" | "Humas"' is not assignable to type '"Konselor" | "Wali Kelas" | "Guru Mapel"'.
  Type '"Humas"' is not assignable to type '"Konselor" | "Wali Kelas" | "Guru Mapel"'.
pages/TeachersList.tsx(423,27): error TS2367: This comparison appears to be unintentional because the types '"Guru Mapel"' and '"Humas"' have no overlap.
pages/TeachersList.tsx(770,21): error TS2367: This comparison appears to be unintentional because the types '"Guru Mapel"' and '"Humas"' have no overlap.
pages/UserManagement.tsx(80,37): error TS2367: This comparison appears to be unintentional because the types '"Konselor" | "Wali Kelas" | "Guru Mapel"' and '"Humas"' have no overlap.
